// Jest Snapshot v1, https://goo.gl/fbAQLP

exports[`should render EditExpensePage correctly 1`] = `
<div>
  <h1>
    Edit Expense: 
    1
  </h1>
  <ExpenseForm
    expense={
      Object {
        "amount": 185,
        "createdAt": 0,
        "description": "Water bill",
        "id": "1",
        "note": "",
      }
    }
    onSubmit={[Function]}
  />
  <button
    onClick={[Function]}
  >
    Remove
  </button>
</div>
`;
