// Jest Snapshot v1, https://goo.gl/fbAQLP

exports[`should render ExpenseList with expenses 1`] = `
<div>
  <h2>
    Expense List
  </h2>
  <ExpenseListItem
    amount={185}
    createdAt={0}
    description="Water bill"
    id="1"
    key="1"
    note=""
  />
  <ExpenseListItem
    amount={20000}
    createdAt={-345600000}
    description="Rent"
    id="2"
    key="2"
    note=""
  />
  <ExpenseListItem
    amount={4000}
    createdAt={345600000}
    description="Credit Card "
    id="3"
    key="3"
    note=""
  />
</div>
`;
